export const snapshot = {};

snapshot[`responsive-playwright-screenshots 1`] = `
[
  {
    "name": "desktop-map",
    "viewport": {
      "width": 1280,
      "height": 1000
    },
    "screenshot": {
      "width": 1280,
      "height": 1000,
      "bytes": 54855,
      "sha256": "5904e05a087351bc7b13f80cf6b8fa3d37b2de6e5f86b16a3de5d6b325bea78e"
    },
    "metrics": {
      "activeNav": "맵별 추천 영웅",
      "selectedHero": null,
      "selectedMap": "부산",
      "workspaceColumns": "592px 640px",
      "dialogVisible": false,
      "pageOverflow": false,
      "pickOverflow": false,
      "resultOverflow": false
    }
  },
  {
    "name": "mobile-map",
    "viewport": {
      "width": 390,
      "height": 844
    },
    "screenshot": {
      "width": 390,
      "height": 1436,
      "bytes": 52400,
      "sha256": "071ebd91f11851dda73755be1710c3ff8b85d6617386b5c6226d692d4a3e4c48"
    },
    "metrics": {
      "activeNav": "맵별 추천 영웅",
      "selectedHero": null,
      "selectedMap": "부산",
      "workspaceColumns": "374px",
      "dialogVisible": false,
      "pageOverflow": false,
      "pickOverflow": false,
      "resultOverflow": false
    }
  },
  {
    "name": "mobile-notice-modal",
    "viewport": {
      "width": 390,
      "height": 844
    },
    "screenshot": {
      "width": 390,
      "height": 1967,
      "bytes": 81884,
      "sha256": "50f86641b16d26e63ec6dad47a66b8ca55de70cf25ad5fb7cdcf6feb68ce5295"
    },
    "metrics": {
      "activeNav": "상성",
      "selectedHero": "D.Va",
      "selectedMap": null,
      "workspaceColumns": "374px",
      "dialogVisible": true,
      "pageOverflow": false,
      "pickOverflow": false,
      "resultOverflow": false
    }
  }
]
`;
