export const snapshot = {};

snapshot[`responsive-playwright-screenshots 1`] = `
[
  {
    "name": "desktop-map",
    "viewport": {
      "width": 1280,
      "height": 1000
    },
    "screenshot": {
      "width": 1280,
      "height": 1000,
      "bytes": 54859,
      "sha256": "3d99bfdef6987efdd3b0e83ec21613454aaeb3cccf4688713a1d7779ea0ccd86"
    },
    "metrics": {
      "activeNav": "맵별 추천 영웅",
      "selectedHero": null,
      "selectedMap": "부산",
      "workspaceColumns": "592px 640px",
      "dialogVisible": false,
      "pageOverflow": false,
      "pickOverflow": false,
      "resultOverflow": false
    }
  },
  {
    "name": "mobile-map",
    "viewport": {
      "width": 390,
      "height": 844
    },
    "screenshot": {
      "width": 390,
      "height": 1436,
      "bytes": 52405,
      "sha256": "be55385ce135fa4d5378b715ccd1c387948f5e254a90dfafc5cf2ef5519b4057"
    },
    "metrics": {
      "activeNav": "맵별 추천 영웅",
      "selectedHero": null,
      "selectedMap": "부산",
      "workspaceColumns": "374px",
      "dialogVisible": false,
      "pageOverflow": false,
      "pickOverflow": false,
      "resultOverflow": false
    }
  },
  {
    "name": "mobile-notice-modal",
    "viewport": {
      "width": 390,
      "height": 844
    },
    "screenshot": {
      "width": 390,
      "height": 1967,
      "bytes": 81884,
      "sha256": "50f86641b16d26e63ec6dad47a66b8ca55de70cf25ad5fb7cdcf6feb68ce5295"
    },
    "metrics": {
      "activeNav": "상성",
      "selectedHero": "D.Va",
      "selectedMap": null,
      "workspaceColumns": "374px",
      "dialogVisible": true,
      "pageOverflow": false,
      "pickOverflow": false,
      "resultOverflow": false
    }
  }
]
`;
